Compiling lib\main.dart for the Web...                          
flutter : Warning: 
In index.html:75: 
Local variable for "s
erviceWorkerVersion" 
is deprecated. Use "{
{flutter_service_work
er_version}}" 
template token 
instead. See https://
docs.flutter.dev/plat
form-integration/web/
initialization for 
more details.
No linha:1 
caractere:1
+ flutter build web 
--release 2>&1 | 
Tee-Object -FilePath 
build_output. ...
+ ~~~~~~~~~~~~~~~~~~~
~~~~~~~~~~~~~
    + CategoryInfo   
           : NotSpe  
  cified: (Warning   
 : In ind...r mor    
e details.:Strin    
g) [], RemoteExc    
eption
    + FullyQualified 
   ErrorId : Native  
  CommandError
 
Warning: In 
index.html:177: "Flut
terLoader.loadEntrypo
int" is deprecated. 
Use 
"FlutterLoader.load" 
instead. See https://
docs.flutter.dev/plat
form-integration/web/
initialization for 
more details.
Wasm dry run 
findings:
Found 
incompatibilities 
with WebAssembly.

package:novo_app/plat
form_utils_web.dart 
1:1 - dart:html 
unsupported (0)
package:geolocator_we
b/src/html_geolocatio
n_manager.dart 1:1 - 
dart:html 
unsupported (0)
package:geolocator_we
b/src/html_permission
s_manager.dart 1:1 - 
dart:html 
unsupported (0)
package:geolocator_we
b/src/utils.dart 2:1 
- dart:html 
unsupported (0)

Consider addressing 
these issues to 
enable wasm builds. 
See docs for more 
info: https://docs.fl
utter.dev/platform-in
tegration/web/wasm

Use 
--no-wasm-dry-run to 
disable these 
warnings.
Target dart2js 
failed: 
ProcessException: 
Process exited 
abnormally with exit 
code 1:
lib/main.dart:615:54:
Error: The method 
'UrlSource' isn't 
defined for the type 
'_HomeScreenState'.
 - 
'_HomeScreenState' 
is from 'package:novo
_app/main.dart' 
('lib/main.dart').
                     
 await _notificationP
layer.play(UrlSource(
'https://assets.mixki
t.co/active_storage/s
fx/2869/2869-preview.
mp3'));
                     
                     
           ^^^^^^^^^
lib/main.dart:615:53:
Error: Too many 
positional 
arguments: 0 
allowed, but 1 found.
                     
 await _notificationP
layer.play(UrlSource(
'https://assets.mixki
t.co/active_storage/s
fx/2869/2869-preview.
mp3'));
                     
                     
          ^
lib/main.dart:703:52:
Error: The method 
'UrlSource' isn't 
defined for the type 
'_HomeScreenState'.
 - 
'_HomeScreenState' 
is from 'package:novo
_app/main.dart' 
('lib/main.dart').
                    
await _notificationPl
ayer.play(UrlSource('
https://assets.mixkit
.co/active_storage/sf
x/2867/2867-preview.m
p3'));
                     
                     
         ^^^^^^^^^
lib/main.dart:703:51:
Error: Too many 
positional 
arguments: 0 
allowed, but 1 found.
                    
await _notificationPl
ayer.play(UrlSource('
https://assets.mixkit
.co/active_storage/sf
x/2867/2867-preview.m
p3'));
                     
                     
        ^
lib/main.dart:782:50:
Error: The method 
'UrlSource' isn't 
defined for the type 
'_HomeScreenState'.
 - 
'_HomeScreenState' 
is from 'package:novo
_app/main.dart' 
('lib/main.dart').
                  
await _notificationPl
ayer.play(UrlSource('
https://assets.mixkit
.co/active_storage/sf
x/2354/2354-preview.m
p3'));
                     
                     
       ^^^^^^^^^
lib/main.dart:782:49:
Error: Too many 
positional 
arguments: 0 
allowed, but 1 found.
                  
await _notificationPl
ayer.play(UrlSource('
https://assets.mixkit
.co/active_storage/sf
x/2354/2354-preview.m
p3'));
                     
                     
      ^
lib/main.dart:1090:20
:
Error: The getter 
'distance' isn't 
defined for the type 
'_HomeScreenState'.
 - 
'_HomeScreenState' 
is from 'package:novo
_app/main.dart' 
('lib/main.dart').
        } else if 
(distance < 50) {
                   
^^^^^^^^
lib/main.dart:1092:20
:
Error: The getter 
'distance' isn't 
defined for the type 
'_HomeScreenState'.
 - 
'_HomeScreenState' 
is from 'package:novo
_app/main.dart' 
('lib/main.dart').
        } else if 
(distance > 100) {
                   
^^^^^^^^
lib/main.dart:1505:38
:
Error: The method 
'AssetSource' isn't 
defined for the type 
'_HomeScreenState'.
 - 
'_HomeScreenState' 
is from 'package:novo
_app/main.dart' 
('lib/main.dart').
      await _notifica
tionPlayer.play(Asset
Source('sounds/swipe.
wav'));
                     
                
^^^^^^^^^^^
lib/main.dart:1505:37
:
Error: Too many 
positional 
arguments: 0 
allowed, but 1 found.
      await _notifica
tionPlayer.play(Asset
Source('sounds/swipe.
wav'));
                     
               ^
lib/main.dart:1520:38
:
Error: The method 
'AssetSource' isn't 
defined for the type 
'_HomeScreenState'.
 - 
'_HomeScreenState' 
is from 'package:novo
_app/main.dart' 
('lib/main.dart').
      await _notifica
tionPlayer.play(Asset
Source('sounds/notifi
cation.wav'));
                     
                
^^^^^^^^^^^
lib/main.dart:1520:37
:
Error: Too many 
positional 
arguments: 0 
allowed, but 1 found.
      await _notifica
tionPlayer.play(Asset
Source('sounds/notifi
cation.wav'));
                     
               ^
lib/platform_utils_we
b.dart:11:44:
Error: The argument 
type 'num' can't be 
assigned to the 
parameter type 
'double'.
        latitude: pos
ition.coords!.latitud
e!,
                     
                     
 ^
lib/platform_utils_we
b.dart:12:46:
Error: The argument 
type 'num' can't be 
assigned to the 
parameter type 
'double'.
        longitude: po
sition.coords!.longit
ude!,
                     
                     
   ^
lib/platform_utils_we
b.dart:14:44:
Error: The argument 
type 'num' can't be 
assigned to the 
parameter type 
'double'.
        accuracy: pos
ition.coords!.accurac
y!,
                     
                     
 ^
lib/platform_utils_we
b.dart:15:45:
Error: The argument 
type 'num' can't be 
assigned to the 
parameter type 
'double'.
        altitude: pos
ition.coords?.altitud
e ?? 0.0,
                     
                     
  ^
lib/platform_utils_we
b.dart:16:43:
Error: The argument 
type 'num' can't be 
assigned to the 
parameter type 
'double'.
        heading: posi
tion.coords?.heading 
?? 0.0,
                     
                     
^
lib/platform_utils_we
b.dart:17:39:
Error: The argument 
type 'num' can't be 
assigned to the 
parameter type 
'double'.
        speed: positi
on.coords?.speed ?? 
0.0,
                     
                 ^
Error: Compilation 
failed.
  Command: C:\flutter
\flutter_windows_3.0.
1-stable\flutter\bin\
cache\dart-sdk\bin\da
rt.exe compile js --p
latform-binaries=C:\f
lutter\flutter_window
s_3.0.1-stable\flutte
r\bin\cache\flutter_w
eb_sdk\kernel --invok
er=flutter_tool -Ddar
t.vm.product=true -DF
LUTTER_VERSION=3.38.5
 -DFLUTTER_CHANNEL=st
able -DFLUTTER_GIT_UR
L=https://github.com/
flutter/flutter.git -
DFLUTTER_FRAMEWORK_RE
VISION=f6ff1529fd -DF
LUTTER_ENGINE_REVISIO
N=1527ae0ec5 -DFLUTTE
R_DART_VERSION=3.10.4
 -DFLUTTER_WEB_USE_SK
IA=true -DFLUTTER_WEB
_USE_SKWASM=false -DF
LUTTER_WEB_CANVASKIT_
URL=https://www.gstat
ic.com/flutter-canvas
kit/1527ae0ec577a4ef5
0e65f6fefcfc1326707d9
bf/ --native-null-ass
ertions 
--no-source-maps -O4 
--minify -o C:\Parcri
stao\novo_app - pwa\.
dart_tool\flutter_bui
ld\4c05c2d1d7284c2522
bb05faadbc183a\app.di
ll --packages=C:\Parc
ristao\novo_app - pwa
\.dart_tool\package_c
onfig.json 
--cfe-only C:\Parcris
tao\novo_app - pwa\.d
art_tool\flutter_buil
d\4c05c2d1d7284c2522b
b05faadbc183a\main.da
rt
#0      RunResult.thr
owException (package:
flutter_tools/src/bas
e/process.dart:153:5)
#1      _DefaultProce
ssUtils.run (package:
flutter_tools/src/bas
e/process.dart:379:19
)
<asynchronous 
suspension>
#2      
Dart2JSTarget.build (
package:flutter_tools
/src/build_system/tar
gets/web.dart:207:5)
<asynchronous 
suspension>
#3      _BuildInstanc
e._invokeInternal (pa
ckage:flutter_tools/s
rc/build_system/build
_system.dart:895:9)
<asynchronous 
suspension>
#4      Future.wait.<
anonymous closure> (d
art:async/future.dart
:546:21)
<asynchronous 
suspension>
#5      _BuildInstanc
e.invokeTarget (packa
ge:flutter_tools/src/
build_system/build_sy
stem.dart:833:32)
<asynchronous 
suspension>
#6      Future.wait.<
anonymous closure> (d
art:async/future.dart
:546:21)
<asynchronous 
suspension>
#7      _BuildInstanc
e.invokeTarget (packa
ge:flutter_tools/src/
build_system/build_sy
stem.dart:833:32)
<asynchronous 
suspension>
#8      FlutterBuildS
ystem.build (package:
flutter_tools/src/bui
ld_system/build_syste
m.dart:653:16)
<asynchronous 
suspension>
#9      
WebBuilder.buildWeb (
package:flutter_tools
/src/web/compile.dart
:94:34)
<asynchronous 
suspension>
#10     BuildWebComma
nd.runCommand (packag
e:flutter_tools/src/c
ommands/build_web.dar
t:296:5)
<asynchronous 
suspension>
#11     FlutterComman
d.run.<anonymous 
closure> (package:flu
tter_tools/src/runner
/flutter_command.dart
:1559:27)
<asynchronous 
suspension>
#12     AppContext.ru
n.<anonymous 
closure> (package:flu
tter_tools/src/base/c
ontext.dart:154:19)
<asynchronous 
suspension>
#13     CommandRunner
.runCommand (package:
args/command_runner.d
art:212:13)
<asynchronous 
suspension>
#14     FlutterComman
dRunner.runCommand.<a
nonymous closure> (pa
ckage:flutter_tools/s
rc/runner/flutter_com
mand_runner.dart:487:
9)
<asynchronous 
suspension>
#15     AppContext.ru
n.<anonymous 
closure> (package:flu
tter_tools/src/base/c
ontext.dart:154:19)
<asynchronous 
suspension>
#16     FlutterComman
dRunner.runCommand (p
ackage:flutter_tools/
src/runner/flutter_co
mmand_runner.dart:422
:5)
<asynchronous 
suspension>
#17     
run.<anonymous 
closure>.<anonymous 
closure> (package:flu
tter_tools/runner.dar
t:104:11)
<asynchronous 
suspension>
#18     AppContext.ru
n.<anonymous 
closure> (package:flu
tter_tools/src/base/c
ontext.dart:154:19)
<asynchronous 
suspension>
#19     main (package
:flutter_tools/execut
able.dart:103:3)
<asynchronous 
suspension>

Compiling lib\main.dart for the Web...                             83,3s
Error: Failed to 
compile application 
for the Web.
